// Jest Snapshot v1, https://goo.gl/fbAQLP

exports[`renders text to homepage 1`] = `
<div>
  <div>
    <h2
      style="margin: 60px 140px;"
    >
      Welcome to our page!
    </h2>
    <div
      class="text-wrapper"
    >
      <p>
        Lorem ipsum dolor sit amet consectetur adipiscing elit. Ex sapien vitae pellentesque sem placerat in id. Pretium tellus duis convallis tempus leo eu aenean. Urna tempor pulvinar vivamus fringilla lacus nec metus. Iaculis massa nisl malesuada lacinia integer nunc posuere. Semper vel class aptent taciti sociosqu ad litora. Conubia nostra inceptos himenaeos orci varius natoque penatibus. Dis parturient montes nascetur ridiculus mus donec rhoncus. Nulla molestie mattis scelerisque maximus eget fermentum odio. Purus est efficitur laoreet mauris pharetra vestibulum fusce.
      </p>
      <p>
        Lorem ipsum dolor sit amet consectetur adipiscing elit. Ex sapien vitae pellentesque sem placerat in id. Pretium tellus duis convallis tempus leo eu aenean. Urna tempor pulvinar vivamus fringilla lacus nec metus. Iaculis massa nisl malesuada lacinia integer nunc posuere. Semper vel class aptent taciti sociosqu ad litora. Conubia nostra inceptos himenaeos orci varius natoque penatibus. Dis parturient montes nascetur ridiculus mus donec rhoncus. Nulla molestie mattis scelerisque maximus eget fermentum odio. Purus est efficitur laoreet mauris pharetra vestibulum fusce.
      </p>
    </div>
  </div>
</div>
`;
